Vector Object: 2 MPI processes
  type: mpi
Process [0]
0
1
2
3
4
Process [1]
10
11
12
13
14
----
Vector Object: 1 MPI processes
  type: seq
0
1
2
3
4
10
11
12
13
14
