Vector Object: 1 MPI processes
  type: seq
10
11
12
13
14
15
----
Vector Object: 1 MPI processes
  type: seq
10
2
11
2
12
2
