Vector Object: 1 MPI processes
  type: seq
10
11
12
13
14
15
----
Vector Object: 1 MPI processes
  type: seq
10
12
14
2
2
2
