sec1 as a Vec
Vector Object: 1 MPI processes
  type: seq
6
3
2
3
1
3
2
3
1
sec1 as a Vec
Vector Object: 1 MPI processes
  type: seq
0
2
1
0
0
0
0
0
1
