sec1 as a Vec
Vector Object: 2 MPI processes
  type: mpi
Process [0]
6
2
3
1
3
2
Process [1]
3
3
1
sec1 as a Vec
Vector Object: 2 MPI processes
  type: mpi
Process [0]
0
1
0
0
0
0
Process [1]
2
0
1
