sec1 as a Vec 
Vector Object: 1 MPI processes
  type: seq
sec1 as a Vec 
Vector Object: 1 MPI processes
  type: seq
