Mesh in 3 dimensions:
  0-cells: 18335 0 0 0 0 0 0 0 0 0
  3-cells: 99186 0 0 0 0 0 0 0 0 0
Mesh in 3 dimensions:
  0-cells: 2118 2015 2104 2020 2119 2124 2141 2121 2055 2133
  3-cells: 9919 9918 9919 9918 9919 9919 9918 9919 9918 9919
