Mesh in 2 dimensions:
  0-cells: 9 0 0 0 0 0 0 0
  1-cells: 16 0 0 0 0 0 0 0
  2-cells: 8 0 0 0 0 0 0 0
Mesh in 2 dimensions:
  0-cells: 3 3 3 3 3 3 3 3
  1-cells: 3 3 3 3 3 3 3 3
  2-cells: 1 1 1 1 1 1 1 1
