Mesh in 2 dimensions:
  0-cells: 9
  1-cells: 16
  2-cells: 8
