Mesh in 3 dimensions:
  0-cells: 18335 0 0 0 0 0 0 0 0 0 0 0 0 0 0 0 0 0 0 0 0 0 0 0 0 0 0 0 0 0 0 0 0 0 0 0 0 0 0 0 0 0 0 0 0 0 0 0 0 0
  3-cells: 99186 0 0 0 0 0 0 0 0 0 0 0 0 0 0 0 0 0 0 0 0 0 0 0 0 0 0 0 0 0 0 0 0 0 0 0 0 0 0 0 0 0 0 0 0 0 0 0 0 0
Mesh in 3 dimensions:
  0-cells: 503 497 500 502 476 482 502 508 509 526 496 502 516 503 459 478 471 498 494 499 485 501 465 487 510 501 467 496 493 509 501 520 501 489 465 506 491 501 495 498 494 477 495 489 475 482 489 497 482 463
  3-cells: 1984 1983 1984 1984 1984 1983 1984 1983 1984 1984 1984 1983 1984 1984 1984 1984 1983 1984 1984 1984 1983 1984 1983 1984 1984 1983 1984 1984 1984 1983 1984 1984 1983 1984 1984 1984 1983 1984 1983 1984 1984 1984 1984 1984 1983 1984 1984 1983 1984 1984
