Mesh in 2 dimensions:
  0-cells: 66049 0 0 0 0 0 0 0 0 0 0 0 0 0 0 0 0 0 0 0 0 0 0 0 0 0 0 0 0 0 0 0 0 0 0 0 0 0 0 0 0 0 0 0 0 0 0 0 0 0
  2-cells: 131072 0 0 0 0 0 0 0 0 0 0 0 0 0 0 0 0 0 0 0 0 0 0 0 0 0 0 0 0 0 0 0 0 0 0 0 0 0 0 0 0 0 0 0 0 0 0 0 0 0
Mesh in 2 dimensions:
  0-cells: 1384 1381 1378 1393 1388 1381 1378 1382 1387 1391 1386 1392 1395 1388 1387 1381 1380 1381 1384 1384 1388 1391 1385 1386 1380 1379 1385 1382 1389 1380 1380 1379 1387 1385 1390 1382 1385 1399 1392 1385 1388 1385 1382 1377 1379 1381 1402 1388 1383 1392
  2-cells: 2622 2621 2621 2622 2622 2621 2621 2621 2622 2622 2621 2622 2621 2621 2622 2621 2621 2622 2622 2622 2621 2621 2622 2621 2621 2622 2621 2622 2621 2622 2621 2621 2621 2622 2621 2621 2622 2622 2622 2621 2621 2621 2622 2622 2622 2621 2621 2622 2621 2621
