Mesh in 2 dimensions:
  0-cells: 9 0 0
  1-cells: 16 0 0
  2-cells: 8 0 0
Mesh in 2 dimensions:
  0-cells: 5 4 5
  1-cells: 7 5 7
  2-cells: 3 2 3
