Mesh in 3 dimensions:
  0-cells: 8 0 0 0 0 0
  1-cells: 19 0 0 0 0 0
  2-cells: 18 0 0 0 0 0
  3-cells: 6 0 0 0 0 0
Mesh in 3 dimensions:
  0-cells: 4 4 4 4 4 4
  1-cells: 6 6 6 6 6 6
  2-cells: 4 4 4 4 4 4
  3-cells: 1 1 1 1 1 1
