Mesh 'Serial Mesh':
Max sizes cone: 3 support: 6
orientation is missing
cap --> base:
[0]: 8 ----> 0
[0]: 9 ----> 0
[0]: 9 ----> 2
[0]: 9 ----> 4
[0]: 10 ----> 3
[0]: 10 ----> 4
[0]: 11 ----> 0
[0]: 11 ----> 1
[0]: 11 ----> 2
[0]: 12 ----> 1
[0]: 12 ----> 2
[0]: 12 ----> 3
[0]: 12 ----> 4
[0]: 12 ----> 6
[0]: 12 ----> 7
[0]: 13 ----> 3
[0]: 13 ----> 5
[0]: 13 ----> 6
[0]: 14 ----> 1
[0]: 14 ----> 7
[0]: 15 ----> 5
[0]: 15 ----> 6
[0]: 15 ----> 7
[0]: 16 ----> 5
Max sizes cone: 0 support: 0
Max sizes cone: 0 support: 0
base <-- cap:
[0]: 0 <---- 8
[0]: 0 <---- 9
[0]: 0 <---- 11
[0]: 1 <---- 12
[0]: 1 <---- 14
[0]: 1 <---- 11
[0]: 2 <---- 11
[0]: 2 <---- 9
[0]: 2 <---- 12
[0]: 3 <---- 12
[0]: 3 <---- 10
[0]: 3 <---- 13
[0]: 4 <---- 10
[0]: 4 <---- 12
[0]: 4 <---- 9
[0]: 5 <---- 15
[0]: 5 <---- 13
[0]: 5 <---- 16
[0]: 6 <---- 13
[0]: 6 <---- 15
[0]: 6 <---- 12
[0]: 7 <---- 12
[0]: 7 <---- 15
[0]: 7 <---- 14
coordinates
Process 0:
  (   8) dim  2 offset   0 0 0
  (   9) dim  2 offset   2 0.5 0
  (  10) dim  2 offset   4 1 0
  (  11) dim  2 offset   6 0 0.5
  (  12) dim  2 offset   8 0.5 0.5
  (  13) dim  2 offset  10 1 0.5
  (  14) dim  2 offset  12 0 1
  (  15) dim  2 offset  14 0.5 1
  (  16) dim  2 offset  16 1 1
Process 1:
Process 2:
Cell Partition:
PetscSection
Process 0:
  (   0) dim  2 offset   0
  (   1) dim  3 offset   2
  (   2) dim  3 offset   5
Process 1:
  (   0) dim  0 offset   0
  (   1) dim  0 offset   0
  (   2) dim  0 offset   0
Process 2:
  (   0) dim  0 offset   0
  (   1) dim  0 offset   0
  (   2) dim  0 offset   0
[0] Number of indices in set 8
[0] 0 1
[0] 1 7
[0] 2 3
[0] 3 5
[0] 4 6
[0] 5 0
[0] 6 2
[0] 7 4
[1] Number of indices in set 0
[2] Number of indices in set 0
Star Forest Object: 3 MPI processes
  type not yet set
  synchronization=FENCE sort=rank-order
  [0] Number of roots=1, leaves=3, remote ranks=3
  [0] 0 <- (0,0)
  [0] 1 <- (1,0)
  [0] 2 <- (2,0)
  [1] Number of roots=1, leaves=0, remote ranks=0
  [2] Number of roots=1, leaves=0, remote ranks=0
Point Partition:
PetscSection
Process 0:
  (   0) dim  6 offset   0
  (   1) dim  8 offset   6
  (   2) dim  8 offset  14
Process 1:
  (   0) dim  0 offset   0
  (   1) dim  0 offset   0
  (   2) dim  0 offset   0
Process 2:
  (   0) dim  0 offset   0
  (   1) dim  0 offset   0
  (   2) dim  0 offset   0
[0] Number of indices in set 22
[0] 0 1
[0] 1 7
[0] 2 11
[0] 3 12
[0] 4 14
[0] 5 15
[0] 6 3
[0] 7 5
[0] 8 6
[0] 9 10
[0] 10 12
[0] 11 13
[0] 12 15
[0] 13 16
[0] 14 0
[0] 15 2
[0] 16 4
[0] 17 8
[0] 18 9
[0] 19 10
[0] 20 11
[0] 21 12
[1] Number of indices in set 0
[2] Number of indices in set 0
Star Forest Object: 3 MPI processes
  type not yet set
  synchronization=FENCE sort=rank-order
  [0] Number of roots=17, leaves=6, remote ranks=1
  [0] 0 <- (0,1)
  [0] 1 <- (0,7)
  [0] 2 <- (0,11)
  [0] 3 <- (0,12)
  [0] 4 <- (0,14)
  [0] 5 <- (0,15)
  [1] Number of roots=0, leaves=8, remote ranks=1
  [1] 0 <- (0,3)
  [1] 1 <- (0,5)
  [1] 2 <- (0,6)
  [1] 3 <- (0,10)
  [1] 4 <- (0,12)
  [1] 5 <- (0,13)
  [1] 6 <- (0,15)
  [1] 7 <- (0,16)
  [2] Number of roots=0, leaves=8, remote ranks=1
  [2] 0 <- (0,0)
  [2] 1 <- (0,2)
  [2] 2 <- (0,4)
  [2] 3 <- (0,8)
  [2] 4 <- (0,9)
  [2] 5 <- (0,10)
  [2] 6 <- (0,11)
  [2] 7 <- (0,12)
Point Renumbering after partition:
[0] 0 1
[0] 1 7
[0] 2 11
[0] 3 12
[0] 4 14
[0] 5 15
[1] 0 3
[1] 1 5
[1] 2 6
[1] 3 10
[1] 4 12
[1] 5 13
[1] 6 15
[1] 7 16
[2] 0 0
[2] 1 2
[2] 2 4
[2] 3 8
[2] 4 9
[2] 5 10
[2] 6 11
[2] 7 12
Serial Cone Section:
PetscSection
Process 0:
  (   0) dim  3 offset   0
  (   1) dim  3 offset   3
  (   2) dim  3 offset   6
  (   3) dim  3 offset   9
  (   4) dim  3 offset  12
  (   5) dim  3 offset  15
  (   6) dim  3 offset  18
  (   7) dim  3 offset  21
  (   8) dim  0 offset  24
  (   9) dim  0 offset  24
  (  10) dim  0 offset  24
  (  11) dim  0 offset  24
  (  12) dim  0 offset  24
  (  13) dim  0 offset  24
  (  14) dim  0 offset  24
  (  15) dim  0 offset  24
  (  16) dim  0 offset  24
Process 1:
Process 2:
Parallel Cone Section:
PetscSection
Process 0:
  (   0) dim  3 offset   0
  (   1) dim  3 offset   3
  (   2) dim  0 offset   6
  (   3) dim  0 offset   6
  (   4) dim  0 offset   6
  (   5) dim  0 offset   6
Process 1:
  (   0) dim  3 offset   0
  (   1) dim  3 offset   3
  (   2) dim  3 offset   6
  (   3) dim  0 offset   9
  (   4) dim  0 offset   9
  (   5) dim  0 offset   9
  (   6) dim  0 offset   9
  (   7) dim  0 offset   9
Process 2:
  (   0) dim  3 offset   0
  (   1) dim  3 offset   3
  (   2) dim  3 offset   6
  (   3) dim  0 offset   9
  (   4) dim  0 offset   9
  (   5) dim  0 offset   9
  (   6) dim  0 offset   9
  (   7) dim  0 offset   9
Star Forest Object: 3 MPI processes
  type not yet set
  synchronization=FENCE sort=rank-order
  [0] Number of roots=-1, leaves=6, remote ranks=1
  [0] 0 <- (0,3)
  [0] 1 <- (0,4)
  [0] 2 <- (0,5)
  [0] 3 <- (0,21)
  [0] 4 <- (0,22)
  [0] 5 <- (0,23)
  [1] Number of roots=-1, leaves=9, remote ranks=1
  [1] 0 <- (0,9)
  [1] 1 <- (0,10)
  [1] 2 <- (0,11)
  [1] 3 <- (0,15)
  [1] 4 <- (0,16)
  [1] 5 <- (0,17)
  [1] 6 <- (0,18)
  [1] 7 <- (0,19)
  [1] 8 <- (0,20)
  [2] Number of roots=-1, leaves=9, remote ranks=1
  [2] 0 <- (0,0)
  [2] 1 <- (0,1)
  [2] 2 <- (0,2)
  [2] 3 <- (0,6)
  [2] 4 <- (0,7)
  [2] 5 <- (0,8)
  [2] 6 <- (0,12)
  [2] 7 <- (0,13)
  [2] 8 <- (0,14)
Mesh 'Parallel Mesh':
Max sizes cone: 0 support: 2
orientation is missing
cap --> base:
[0]: 2 ----> 0
[0]: 3 ----> 0
[0]: 3 ----> 1
[0]: 4 ----> 0
[0]: 4 ----> 1
[0]: 5 ----> 1
Max sizes cone: 0 support: 3
[1]: 3 ----> 0
[1]: 4 ----> 0
[1]: 4 ----> 2
[1]: 5 ----> 0
[1]: 5 ----> 1
[1]: 5 ----> 2
[1]: 6 ----> 1
[1]: 6 ----> 2
[1]: 7 ----> 1
Max sizes cone: 0 support: 3
[2]: 3 ----> 0
[2]: 4 ----> 0
[2]: 4 ----> 1
[2]: 4 ----> 2
[2]: 5 ----> 2
[2]: 6 ----> 0
[2]: 6 ----> 1
[2]: 7 ----> 1
[2]: 7 ----> 2
base <-- cap:
[0]: 0 <---- 3
[0]: 0 <---- 4
[0]: 0 <---- 2
[0]: 1 <---- 3
[0]: 1 <---- 5
[0]: 1 <---- 4
[1]: 0 <---- 4
[1]: 0 <---- 3
[1]: 0 <---- 5
[1]: 1 <---- 6
[1]: 1 <---- 5
[1]: 1 <---- 7
[1]: 2 <---- 5
[1]: 2 <---- 6
[1]: 2 <---- 4
[2]: 0 <---- 3
[2]: 0 <---- 4
[2]: 0 <---- 6
[2]: 1 <---- 6
[2]: 1 <---- 4
[2]: 1 <---- 7
[2]: 2 <---- 5
[2]: 2 <---- 7
[2]: 2 <---- 4
coordinates
Process 0:
  (   2) dim  2 offset   0 0 0.5
  (   3) dim  2 offset   2 0.5 0.5
  (   4) dim  2 offset   4 0 1
  (   5) dim  2 offset   6 0.5 1
Process 1:
  (   3) dim  2 offset   0 1 0
  (   4) dim  2 offset   2 0.5 0.5
  (   5) dim  2 offset   4 1 0.5
  (   6) dim  2 offset   6 0.5 1
  (   7) dim  2 offset   8 1 1
Process 2:
  (   3) dim  2 offset   0 0 0
  (   4) dim  2 offset   2 0.5 0
  (   5) dim  2 offset   4 1 0
  (   6) dim  2 offset   6 0 0.5
  (   7) dim  2 offset   8 0.5 0.5
