Mesh 'Serial Mesh':
Max sizes cone: 3 support: 6
orientation is missing
cap --> base:
[0]: 8 ----> 0
[0]: 9 ----> 0
[0]: 9 ----> 2
[0]: 9 ----> 4
[0]: 10 ----> 3
[0]: 10 ----> 4
[0]: 11 ----> 0
[0]: 11 ----> 1
[0]: 11 ----> 2
[0]: 12 ----> 1
[0]: 12 ----> 2
[0]: 12 ----> 3
[0]: 12 ----> 4
[0]: 12 ----> 6
[0]: 12 ----> 7
[0]: 13 ----> 3
[0]: 13 ----> 5
[0]: 13 ----> 6
[0]: 14 ----> 1
[0]: 14 ----> 7
[0]: 15 ----> 5
[0]: 15 ----> 6
[0]: 15 ----> 7
[0]: 16 ----> 5
Max sizes cone: 0 support: 0
Max sizes cone: 0 support: 0
Max sizes cone: 0 support: 0
Max sizes cone: 0 support: 0
base <-- cap:
[0]: 0 <---- 8
[0]: 0 <---- 9
[0]: 0 <---- 11
[0]: 1 <---- 12
[0]: 1 <---- 14
[0]: 1 <---- 11
[0]: 2 <---- 11
[0]: 2 <---- 9
[0]: 2 <---- 12
[0]: 3 <---- 12
[0]: 3 <---- 10
[0]: 3 <---- 13
[0]: 4 <---- 10
[0]: 4 <---- 12
[0]: 4 <---- 9
[0]: 5 <---- 15
[0]: 5 <---- 13
[0]: 5 <---- 16
[0]: 6 <---- 13
[0]: 6 <---- 15
[0]: 6 <---- 12
[0]: 7 <---- 12
[0]: 7 <---- 15
[0]: 7 <---- 14
coordinates
Process 0:
  (   8) dim  2 offset   0 0 0
  (   9) dim  2 offset   2 0.5 0
  (  10) dim  2 offset   4 1 0
  (  11) dim  2 offset   6 0 0.5
  (  12) dim  2 offset   8 0.5 0.5
  (  13) dim  2 offset  10 1 0.5
  (  14) dim  2 offset  12 0 1
  (  15) dim  2 offset  14 0.5 1
  (  16) dim  2 offset  16 1 1
Process 1:
Process 2:
Process 3:
Process 4:
Cell Partition:
PetscSection
Process 0:
  (   0) dim  1 offset   0
  (   1) dim  2 offset   1
  (   2) dim  2 offset   3
  (   3) dim  1 offset   5
  (   4) dim  2 offset   6
Process 1:
  (   0) dim  0 offset   0
  (   1) dim  0 offset   0
  (   2) dim  0 offset   0
  (   3) dim  0 offset   0
  (   4) dim  0 offset   0
Process 2:
  (   0) dim  0 offset   0
  (   1) dim  0 offset   0
  (   2) dim  0 offset   0
  (   3) dim  0 offset   0
  (   4) dim  0 offset   0
Process 3:
  (   0) dim  0 offset   0
  (   1) dim  0 offset   0
  (   2) dim  0 offset   0
  (   3) dim  0 offset   0
  (   4) dim  0 offset   0
Process 4:
  (   0) dim  0 offset   0
  (   1) dim  0 offset   0
  (   2) dim  0 offset   0
  (   3) dim  0 offset   0
  (   4) dim  0 offset   0
[0] Number of indices in set 8
[0] 0 6
[0] 1 1
[0] 2 7
[0] 3 3
[0] 4 5
[0] 5 4
[0] 6 0
[0] 7 2
[1] Number of indices in set 0
[2] Number of indices in set 0
[3] Number of indices in set 0
[4] Number of indices in set 0
Star Forest Object: 5 MPI processes
  type not yet set
  synchronization=FENCE sort=rank-order
  [0] Number of roots=1, leaves=5, remote ranks=5
  [0] 0 <- (0,0)
  [0] 1 <- (1,0)
  [0] 2 <- (2,0)
  [0] 3 <- (3,0)
  [0] 4 <- (4,0)
  [1] Number of roots=1, leaves=0, remote ranks=0
  [2] Number of roots=1, leaves=0, remote ranks=0
  [3] Number of roots=1, leaves=0, remote ranks=0
  [4] Number of roots=1, leaves=0, remote ranks=0
Point Partition:
PetscSection
Process 0:
  (   0) dim  4 offset   0
  (   1) dim  6 offset   4
  (   2) dim  7 offset  10
  (   3) dim  4 offset  17
  (   4) dim  6 offset  21
Process 1:
  (   0) dim  0 offset   0
  (   1) dim  0 offset   0
  (   2) dim  0 offset   0
  (   3) dim  0 offset   0
  (   4) dim  0 offset   0
Process 2:
  (   0) dim  0 offset   0
  (   1) dim  0 offset   0
  (   2) dim  0 offset   0
  (   3) dim  0 offset   0
  (   4) dim  0 offset   0
Process 3:
  (   0) dim  0 offset   0
  (   1) dim  0 offset   0
  (   2) dim  0 offset   0
  (   3) dim  0 offset   0
  (   4) dim  0 offset   0
Process 4:
  (   0) dim  0 offset   0
  (   1) dim  0 offset   0
  (   2) dim  0 offset   0
  (   3) dim  0 offset   0
  (   4) dim  0 offset   0
[0] Number of indices in set 27
[0] 0 6
[0] 1 12
[0] 2 13
[0] 3 15
[0] 4 1
[0] 5 7
[0] 6 11
[0] 7 12
[0] 8 14
[0] 9 15
[0] 10 3
[0] 11 5
[0] 12 10
[0] 13 12
[0] 14 13
[0] 15 15
[0] 16 16
[0] 17 4
[0] 18 9
[0] 19 10
[0] 20 12
[0] 21 0
[0] 22 2
[0] 23 8
[0] 24 9
[0] 25 11
[0] 26 12
[1] Number of indices in set 0
[2] Number of indices in set 0
[3] Number of indices in set 0
[4] Number of indices in set 0
Star Forest Object: 5 MPI processes
  type not yet set
  synchronization=FENCE sort=rank-order
  [0] Number of roots=17, leaves=4, remote ranks=1
  [0] 0 <- (0,6)
  [0] 1 <- (0,12)
  [0] 2 <- (0,13)
  [0] 3 <- (0,15)
  [1] Number of roots=0, leaves=6, remote ranks=1
  [1] 0 <- (0,1)
  [1] 1 <- (0,7)
  [1] 2 <- (0,11)
  [1] 3 <- (0,12)
  [1] 4 <- (0,14)
  [1] 5 <- (0,15)
  [2] Number of roots=0, leaves=7, remote ranks=1
  [2] 0 <- (0,3)
  [2] 1 <- (0,5)
  [2] 2 <- (0,10)
  [2] 3 <- (0,12)
  [2] 4 <- (0,13)
  [2] 5 <- (0,15)
  [2] 6 <- (0,16)
  [3] Number of roots=0, leaves=4, remote ranks=1
  [3] 0 <- (0,4)
  [3] 1 <- (0,9)
  [3] 2 <- (0,10)
  [3] 3 <- (0,12)
  [4] Number of roots=0, leaves=6, remote ranks=1
  [4] 0 <- (0,0)
  [4] 1 <- (0,2)
  [4] 2 <- (0,8)
  [4] 3 <- (0,9)
  [4] 4 <- (0,11)
  [4] 5 <- (0,12)
Point Renumbering after partition:
[0] 0 6
[0] 1 12
[0] 2 13
[0] 3 15
[1] 0 1
[1] 1 7
[1] 2 11
[1] 3 12
[1] 4 14
[1] 5 15
[2] 0 3
[2] 1 5
[2] 2 10
[2] 3 12
[2] 4 13
[2] 5 15
[2] 6 16
[3] 0 4
[3] 1 9
[3] 2 10
[3] 3 12
[4] 0 0
[4] 1 2
[4] 2 8
[4] 3 9
[4] 4 11
[4] 5 12
Serial Cone Section:
PetscSection
Process 0:
  (   0) dim  3 offset   0
  (   1) dim  3 offset   3
  (   2) dim  3 offset   6
  (   3) dim  3 offset   9
  (   4) dim  3 offset  12
  (   5) dim  3 offset  15
  (   6) dim  3 offset  18
  (   7) dim  3 offset  21
  (   8) dim  0 offset  24
  (   9) dim  0 offset  24
  (  10) dim  0 offset  24
  (  11) dim  0 offset  24
  (  12) dim  0 offset  24
  (  13) dim  0 offset  24
  (  14) dim  0 offset  24
  (  15) dim  0 offset  24
  (  16) dim  0 offset  24
Process 1:
Process 2:
Process 3:
Process 4:
Parallel Cone Section:
PetscSection
Process 0:
  (   0) dim  3 offset   0
  (   1) dim  0 offset   3
  (   2) dim  0 offset   3
  (   3) dim  0 offset   3
Process 1:
  (   0) dim  3 offset   0
  (   1) dim  3 offset   3
  (   2) dim  0 offset   6
  (   3) dim  0 offset   6
  (   4) dim  0 offset   6
  (   5) dim  0 offset   6
Process 2:
  (   0) dim  3 offset   0
  (   1) dim  3 offset   3
  (   2) dim  0 offset   6
  (   3) dim  0 offset   6
  (   4) dim  0 offset   6
  (   5) dim  0 offset   6
  (   6) dim  0 offset   6
Process 3:
  (   0) dim  3 offset   0
  (   1) dim  0 offset   3
  (   2) dim  0 offset   3
  (   3) dim  0 offset   3
Process 4:
  (   0) dim  3 offset   0
  (   1) dim  3 offset   3
  (   2) dim  0 offset   6
  (   3) dim  0 offset   6
  (   4) dim  0 offset   6
  (   5) dim  0 offset   6
Star Forest Object: 5 MPI processes
  type not yet set
  synchronization=FENCE sort=rank-order
  [0] Number of roots=-1, leaves=3, remote ranks=1
  [0] 0 <- (0,18)
  [0] 1 <- (0,19)
  [0] 2 <- (0,20)
  [1] Number of roots=-1, leaves=6, remote ranks=1
  [1] 0 <- (0,3)
  [1] 1 <- (0,4)
  [1] 2 <- (0,5)
  [1] 3 <- (0,21)
  [1] 4 <- (0,22)
  [1] 5 <- (0,23)
  [2] Number of roots=-1, leaves=6, remote ranks=1
  [2] 0 <- (0,9)
  [2] 1 <- (0,10)
  [2] 2 <- (0,11)
  [2] 3 <- (0,15)
  [2] 4 <- (0,16)
  [2] 5 <- (0,17)
  [3] Number of roots=-1, leaves=3, remote ranks=1
  [3] 0 <- (0,12)
  [3] 1 <- (0,13)
  [3] 2 <- (0,14)
  [4] Number of roots=-1, leaves=6, remote ranks=1
  [4] 0 <- (0,0)
  [4] 1 <- (0,1)
  [4] 2 <- (0,2)
  [4] 3 <- (0,6)
  [4] 4 <- (0,7)
  [4] 5 <- (0,8)
Mesh 'Parallel Mesh':
Max sizes cone: 0 support: 1
orientation is missing
cap --> base:
[0]: 1 ----> 0
[0]: 2 ----> 0
[0]: 3 ----> 0
Max sizes cone: 0 support: 2
[1]: 2 ----> 0
[1]: 3 ----> 0
[1]: 3 ----> 1
[1]: 4 ----> 0
[1]: 4 ----> 1
[1]: 5 ----> 1
Max sizes cone: 0 support: 2
[2]: 2 ----> 0
[2]: 3 ----> 0
[2]: 4 ----> 0
[2]: 4 ----> 1
[2]: 5 ----> 1
[2]: 6 ----> 1
Max sizes cone: 0 support: 1
[3]: 1 ----> 0
[3]: 2 ----> 0
[3]: 3 ----> 0
Max sizes cone: 0 support: 2
[4]: 2 ----> 0
[4]: 3 ----> 0
[4]: 3 ----> 1
[4]: 4 ----> 0
[4]: 4 ----> 1
[4]: 5 ----> 1
base <-- cap:
[0]: 0 <---- 2
[0]: 0 <---- 3
[0]: 0 <---- 1
[1]: 0 <---- 3
[1]: 0 <---- 4
[1]: 0 <---- 2
[1]: 1 <---- 3
[1]: 1 <---- 5
[1]: 1 <---- 4
[2]: 0 <---- 3
[2]: 0 <---- 2
[2]: 0 <---- 4
[2]: 1 <---- 5
[2]: 1 <---- 4
[2]: 1 <---- 6
[3]: 0 <---- 2
[3]: 0 <---- 3
[3]: 0 <---- 1
[4]: 0 <---- 2
[4]: 0 <---- 3
[4]: 0 <---- 4
[4]: 1 <---- 4
[4]: 1 <---- 3
[4]: 1 <---- 5
coordinates
Process 0:
  (   1) dim  2 offset   0 0.5 0.5
  (   2) dim  2 offset   2 1 0.5
  (   3) dim  2 offset   4 0.5 1
Process 1:
  (   2) dim  2 offset   0 0 0.5
  (   3) dim  2 offset   2 0.5 0.5
  (   4) dim  2 offset   4 0 1
  (   5) dim  2 offset   6 0.5 1
Process 2:
  (   2) dim  2 offset   0 1 0
  (   3) dim  2 offset   2 0.5 0.5
  (   4) dim  2 offset   4 1 0.5
  (   5) dim  2 offset   6 0.5 1
  (   6) dim  2 offset   8 1 1
Process 3:
  (   1) dim  2 offset   0 0.5 0
  (   2) dim  2 offset   2 1 0
  (   3) dim  2 offset   4 0.5 0.5
Process 4:
  (   2) dim  2 offset   0 0 0
  (   3) dim  2 offset   2 0.5 0
  (   4) dim  2 offset   4 0 0.5
  (   5) dim  2 offset   6 0.5 0.5
