Mesh 'Serial Mesh':
Max sizes cone: 3 support: 6
orientation is missing
cap --> base:
[0]: 8 ----> 0
[0]: 9 ----> 0
[0]: 9 ----> 2
[0]: 9 ----> 4
[0]: 10 ----> 3
[0]: 10 ----> 4
[0]: 11 ----> 0
[0]: 11 ----> 1
[0]: 11 ----> 2
[0]: 12 ----> 1
[0]: 12 ----> 2
[0]: 12 ----> 3
[0]: 12 ----> 4
[0]: 12 ----> 6
[0]: 12 ----> 7
[0]: 13 ----> 3
[0]: 13 ----> 5
[0]: 13 ----> 6
[0]: 14 ----> 1
[0]: 14 ----> 7
[0]: 15 ----> 5
[0]: 15 ----> 6
[0]: 15 ----> 7
[0]: 16 ----> 5
Max sizes cone: 0 support: 0
base <-- cap:
[0]: 0 <---- 8
[0]: 0 <---- 9
[0]: 0 <---- 11
[0]: 1 <---- 12
[0]: 1 <---- 14
[0]: 1 <---- 11
[0]: 2 <---- 11
[0]: 2 <---- 9
[0]: 2 <---- 12
[0]: 3 <---- 12
[0]: 3 <---- 10
[0]: 3 <---- 13
[0]: 4 <---- 10
[0]: 4 <---- 12
[0]: 4 <---- 9
[0]: 5 <---- 15
[0]: 5 <---- 13
[0]: 5 <---- 16
[0]: 6 <---- 13
[0]: 6 <---- 15
[0]: 6 <---- 12
[0]: 7 <---- 12
[0]: 7 <---- 15
[0]: 7 <---- 14
coordinates
Process 0:
  (   8) dim  2 offset   0 0 0
  (   9) dim  2 offset   2 0.5 0
  (  10) dim  2 offset   4 1 0
  (  11) dim  2 offset   6 0 0.5
  (  12) dim  2 offset   8 0.5 0.5
  (  13) dim  2 offset  10 1 0.5
  (  14) dim  2 offset  12 0 1
  (  15) dim  2 offset  14 0.5 1
  (  16) dim  2 offset  16 1 1
Process 1:
Cell Partition:
PetscSection
Process 0:
  (   0) dim  4 offset   0
  (   1) dim  4 offset   4
Process 1:
  (   0) dim  0 offset   0
  (   1) dim  0 offset   0
[0] Number of indices in set 8
[0] 0 3
[0] 1 5
[0] 2 6
[0] 3 7
[0] 4 0
[0] 5 1
[0] 6 2
[0] 7 4
[1] Number of indices in set 0
Star Forest Object: 2 MPI processes
  type not yet set
  synchronization=FENCE sort=rank-order
  [0] Number of roots=1, leaves=2, remote ranks=2
  [0] 0 <- (0,0)
  [0] 1 <- (1,0)
  [1] Number of roots=1, leaves=0, remote ranks=0
Point Partition:
PetscSection
Process 0:
  (   0) dim 10 offset   0
  (   1) dim 10 offset  10
Process 1:
  (   0) dim  0 offset   0
  (   1) dim  0 offset   0
[0] Number of indices in set 20
[0] 0 3
[0] 1 5
[0] 2 6
[0] 3 7
[0] 4 10
[0] 5 12
[0] 6 13
[0] 7 14
[0] 8 15
[0] 9 16
[0] 10 0
[0] 11 1
[0] 12 2
[0] 13 4
[0] 14 8
[0] 15 9
[0] 16 10
[0] 17 11
[0] 18 12
[0] 19 14
[1] Number of indices in set 0
Star Forest Object: 2 MPI processes
  type not yet set
  synchronization=FENCE sort=rank-order
  [0] Number of roots=17, leaves=10, remote ranks=1
  [0] 0 <- (0,3)
  [0] 1 <- (0,5)
  [0] 2 <- (0,6)
  [0] 3 <- (0,7)
  [0] 4 <- (0,10)
  [0] 5 <- (0,12)
  [0] 6 <- (0,13)
  [0] 7 <- (0,14)
  [0] 8 <- (0,15)
  [0] 9 <- (0,16)
  [1] Number of roots=0, leaves=10, remote ranks=1
  [1] 0 <- (0,0)
  [1] 1 <- (0,1)
  [1] 2 <- (0,2)
  [1] 3 <- (0,4)
  [1] 4 <- (0,8)
  [1] 5 <- (0,9)
  [1] 6 <- (0,10)
  [1] 7 <- (0,11)
  [1] 8 <- (0,12)
  [1] 9 <- (0,14)
Point Renumbering after partition:
[0] 0 3
[0] 1 5
[0] 2 6
[0] 3 7
[0] 4 10
[0] 5 12
[0] 6 13
[0] 7 14
[0] 8 15
[0] 9 16
[1] 0 0
[1] 1 1
[1] 2 2
[1] 3 4
[1] 4 8
[1] 5 9
[1] 6 10
[1] 7 11
[1] 8 12
[1] 9 14
Serial Cone Section:
PetscSection
Process 0:
  (   0) dim  3 offset   0
  (   1) dim  3 offset   3
  (   2) dim  3 offset   6
  (   3) dim  3 offset   9
  (   4) dim  3 offset  12
  (   5) dim  3 offset  15
  (   6) dim  3 offset  18
  (   7) dim  3 offset  21
  (   8) dim  0 offset  24
  (   9) dim  0 offset  24
  (  10) dim  0 offset  24
  (  11) dim  0 offset  24
  (  12) dim  0 offset  24
  (  13) dim  0 offset  24
  (  14) dim  0 offset  24
  (  15) dim  0 offset  24
  (  16) dim  0 offset  24
Process 1:
Parallel Cone Section:
PetscSection
Process 0:
  (   0) dim  3 offset   0
  (   1) dim  3 offset   3
  (   2) dim  3 offset   6
  (   3) dim  3 offset   9
  (   4) dim  0 offset  12
  (   5) dim  0 offset  12
  (   6) dim  0 offset  12
  (   7) dim  0 offset  12
  (   8) dim  0 offset  12
  (   9) dim  0 offset  12
Process 1:
  (   0) dim  3 offset   0
  (   1) dim  3 offset   3
  (   2) dim  3 offset   6
  (   3) dim  3 offset   9
  (   4) dim  0 offset  12
  (   5) dim  0 offset  12
  (   6) dim  0 offset  12
  (   7) dim  0 offset  12
  (   8) dim  0 offset  12
  (   9) dim  0 offset  12
Star Forest Object: 2 MPI processes
  type not yet set
  synchronization=FENCE sort=rank-order
  [0] Number of roots=-1, leaves=12, remote ranks=1
  [0] 0 <- (0,9)
  [0] 1 <- (0,10)
  [0] 2 <- (0,11)
  [0] 3 <- (0,15)
  [0] 4 <- (0,16)
  [0] 5 <- (0,17)
  [0] 6 <- (0,18)
  [0] 7 <- (0,19)
  [0] 8 <- (0,20)
  [0] 9 <- (0,21)
  [0] 10 <- (0,22)
  [0] 11 <- (0,23)
  [1] Number of roots=-1, leaves=12, remote ranks=1
  [1] 0 <- (0,0)
  [1] 1 <- (0,1)
  [1] 2 <- (0,2)
  [1] 3 <- (0,3)
  [1] 4 <- (0,4)
  [1] 5 <- (0,5)
  [1] 6 <- (0,6)
  [1] 7 <- (0,7)
  [1] 8 <- (0,8)
  [1] 9 <- (0,12)
  [1] 10 <- (0,13)
  [1] 11 <- (0,14)
Mesh 'Parallel Mesh':
Max sizes cone: 0 support: 3
orientation is missing
cap --> base:
[0]: 4 ----> 0
[0]: 5 ----> 0
[0]: 5 ----> 2
[0]: 5 ----> 3
[0]: 6 ----> 0
[0]: 6 ----> 1
[0]: 6 ----> 2
[0]: 7 ----> 3
[0]: 8 ----> 1
[0]: 8 ----> 2
[0]: 8 ----> 3
[0]: 9 ----> 1
Max sizes cone: 0 support: 3
[1]: 4 ----> 0
[1]: 5 ----> 0
[1]: 5 ----> 2
[1]: 5 ----> 3
[1]: 6 ----> 3
[1]: 7 ----> 0
[1]: 7 ----> 1
[1]: 7 ----> 2
[1]: 8 ----> 1
[1]: 8 ----> 2
[1]: 8 ----> 3
[1]: 9 ----> 1
base <-- cap:
[0]: 0 <---- 5
[0]: 0 <---- 4
[0]: 0 <---- 6
[0]: 1 <---- 8
[0]: 1 <---- 6
[0]: 1 <---- 9
[0]: 2 <---- 6
[0]: 2 <---- 8
[0]: 2 <---- 5
[0]: 3 <---- 5
[0]: 3 <---- 8
[0]: 3 <---- 7
[1]: 0 <---- 4
[1]: 0 <---- 5
[1]: 0 <---- 7
[1]: 1 <---- 8
[1]: 1 <---- 9
[1]: 1 <---- 7
[1]: 2 <---- 7
[1]: 2 <---- 5
[1]: 2 <---- 8
[1]: 3 <---- 6
[1]: 3 <---- 8
[1]: 3 <---- 5
coordinates
Process 0:
  (   4) dim  2 offset   0 1 0
  (   5) dim  2 offset   2 0.5 0.5
  (   6) dim  2 offset   4 1 0.5
  (   7) dim  2 offset   6 0 1
  (   8) dim  2 offset   8 0.5 1
  (   9) dim  2 offset  10 1 1
Process 1:
  (   4) dim  2 offset   0 0 0
  (   5) dim  2 offset   2 0.5 0
  (   6) dim  2 offset   4 1 0
  (   7) dim  2 offset   6 0 0.5
  (   8) dim  2 offset   8 0.5 0.5
  (   9) dim  2 offset  10 0 1
