
dmBody:
Mesh in 2 dimensions:
  0-cells: 9
  2-cells: 8
[0]: Number of vertices in meshBody: 	9
[0]: Number of cells in meshBody: 	8
viewing Mesh 'meshBody'
Max sizes cone: 3 support: 6
viewing IFSieve 'mesh sieve'
cap --> base:
[0]: 8 ----> 0
[0]: 8 ----> 1
[0]: 8 ----> 4
[0]: 8 ----> 5
[0]: 8 ----> 3
[0]: 8 ----> 7
[0]: 9 ----> 0
[0]: 9 ----> 7
[0]: 9 ----> 6
[0]: 10 ----> 1
[0]: 10 ----> 0
[0]: 11 ----> 2
[0]: 11 ----> 3
[0]: 11 ----> 1
[0]: 12 ----> 2
[0]: 13 ----> 3
[0]: 13 ----> 4
[0]: 13 ----> 2
[0]: 14 ----> 5
[0]: 14 ----> 4
[0]: 15 ----> 6
[0]: 15 ----> 7
[0]: 15 ----> 5
[0]: 16 ----> 6
base <-- cap:
[0]: 0<----8
[0]: 0<----9
[0]: 0<----10
[0]: 1<----8
[0]: 1<----10
[0]: 1<----11
[0]: 2<----11
[0]: 2<----12
[0]: 2<----13
[0]: 3<----11
[0]: 3<----13
[0]: 3<----8
[0]: 4<----8
[0]: 4<----13
[0]: 4<----14
[0]: 5<----8
[0]: 5<----14
[0]: 5<----15
[0]: 6<----15
[0]: 6<----16
[0]: 6<----9
[0]: 7<----15
[0]: 7<----9
[0]: 7<----8
Orientation:
[0]: 0<----8: 0
[0]: 0<----9: 0
[0]: 0<----10: 0
[0]: 1<----8: 0
[0]: 1<----10: 0
[0]: 1<----11: 0
[0]: 2<----11: 0
[0]: 2<----12: 0
[0]: 2<----13: 0
[0]: 3<----11: 0
[0]: 3<----13: 0
[0]: 3<----8: 0
[0]: 4<----8: 0
[0]: 4<----13: 0
[0]: 4<----14: 0
[0]: 5<----8: 0
[0]: 5<----14: 0
[0]: 5<----15: 0
[0]: 6<----15: 0
[0]: 6<----16: 0
[0]: 6<----9: 0
[0]: 7<----15: 0
[0]: 7<----9: 0
[0]: 7<----8: 0
viewing GeneralSection 'coordinates'
  Fields: 0
[0]:   8 dim 2 offset 0   0 0
[0]:   9 dim 2 offset 2   -0.5 0
[0]:   10 dim 2 offset 4   -0.5 -0.5
[0]:   11 dim 2 offset 6   0 -0.5
[0]:   12 dim 2 offset 8   0.5 -0.5
[0]:   13 dim 2 offset 10   0.5 0
[0]:   14 dim 2 offset 12   0.5 0.5
[0]:   15 dim 2 offset 14   0 0.5
[0]:   16 dim 2 offset 16   -0.5 0.5
viewing LabelSifter: 'Cell sets'
cap --> base:
[0]: 1---->0
[0]: 1---->1
[0]: 1---->2
[0]: 1---->3
[0]: 2---->4
[0]: 2---->5
[0]: 2---->6
[0]: 2---->7
viewing LabelSifter: 'Vertex sets'
cap --> base:
[0]: 1---->12
[0]: 1---->13
[0]: 1---->14
dmFS:
Mesh in 1 dimensions:
  0-cells: 3
  1-cells: 2
[0]: Number of vertices in meshFS: 	3
[0]: Number of faces in meshFS: 	2
viewing Mesh 'meshFS'
Max sizes cone: 2 support: 2
viewing IFSieve 'mesh sieve'
cap --> base:
[0]: 9 ----> 0
[0]: 9 ----> 1
[0]: 10 ----> 0
[0]: 16 ----> 1
base <-- cap:
[0]: 0<----9
[0]: 0<----10
[0]: 1<----16
[0]: 1<----9
Orientation:
[0]: 0<----9: 0
[0]: 0<----10: 0
[0]: 1<----16: 0
[0]: 1<----9: 0
viewing LabelSifter: 'Face sets'
cap --> base:
[0]: 1---->0
[0]: 1---->1
