
dmBody:
Mesh in 2 dimensions:
  0-cells: 6 6
  2-cells: 4 4
[0]: Number of vertices in meshBody: 	6
[0]: Number of cells in meshBody: 	4
[1]: Number of vertices in meshBody: 	6
[1]: Number of cells in meshBody: 	4
viewing Mesh 'meshBody'
Max sizes cone: 3 support: 3
viewing IFSieve 'mesh sieve'
cap --> base:
[0]: 4 ----> 0
[0]: 4 ----> 2
[0]: 4 ----> 3
[0]: 5 ----> 0
[0]: 6 ----> 0
[0]: 6 ----> 1
[0]: 6 ----> 2
[0]: 7 ----> 1
[0]: 8 ----> 1
[0]: 8 ----> 2
[0]: 8 ----> 3
[0]: 9 ----> 3
Max sizes cone: 3 support: 3
[1]: 4 ----> 0
[1]: 4 ----> 1
[1]: 4 ----> 3
[1]: 5 ----> 0
[1]: 5 ----> 2
[1]: 5 ----> 3
[1]: 6 ----> 0
[1]: 7 ----> 1
[1]: 8 ----> 1
[1]: 8 ----> 2
[1]: 8 ----> 3
[1]: 9 ----> 2
base <-- cap:
[0]: 0<----4
[0]: 0<----5
[0]: 0<----6
[0]: 1<----6
[0]: 1<----7
[0]: 1<----8
[0]: 2<----6
[0]: 2<----8
[0]: 2<----4
[0]: 3<----4
[0]: 3<----8
[0]: 3<----9
[1]: 0<----4
[1]: 0<----5
[1]: 0<----6
[1]: 1<----4
[1]: 1<----7
[1]: 1<----8
[1]: 2<----8
[1]: 2<----9
[1]: 2<----5
[1]: 3<----8
[1]: 3<----5
[1]: 3<----4
Orientation:
[0]: 0<----4: 0
[0]: 0<----5: 0
[0]: 0<----6: 0
[0]: 1<----6: 0
[0]: 1<----7: 0
[0]: 1<----8: 0
[0]: 2<----6: 0
[0]: 2<----8: 0
[0]: 2<----4: 0
[0]: 3<----4: 0
[0]: 3<----8: 0
[0]: 3<----9: 0
[1]: 0<----4: 0
[1]: 0<----5: 0
[1]: 0<----6: 0
[1]: 1<----4: 0
[1]: 1<----7: 0
[1]: 1<----8: 0
[1]: 2<----8: 0
[1]: 2<----9: 0
[1]: 2<----5: 0
[1]: 3<----8: 0
[1]: 3<----5: 0
[1]: 3<----4: 0
viewing GeneralSection 'coordinates'
  Fields: 0
[0]:   4 dim 2 offset 0   0 0
[0]:   5 dim 2 offset 2   -0.5 -0.5
[0]:   6 dim 2 offset 4   0 -0.5
[0]:   7 dim 2 offset 6   0.5 -0.5
[0]:   8 dim 2 offset 8   0.5 0
[0]:   9 dim 2 offset 10   0.5 0.5
[1]:   4 dim 2 offset 0   0 0
[1]:   5 dim 2 offset 2   -0.5 0
[1]:   6 dim 2 offset 4   -0.5 -0.5
[1]:   7 dim 2 offset 6   0.5 0.5
[1]:   8 dim 2 offset 8   0 0.5
[1]:   9 dim 2 offset 10   -0.5 0.5
viewing LabelSifter: 'Cell sets'
cap --> base:
[0]: 1---->0
[0]: 1---->1
[0]: 1---->2
[0]: 2---->3
[1]: 1---->0
[1]: 2---->1
[1]: 2---->2
[1]: 2---->3
viewing LabelSifter: 'Vertex sets'
cap --> base:
[0]: 1---->7
[0]: 1---->8
[0]: 1---->9
[1]: 1---->7
dmFS:
Mesh in 1 dimensions:
  0-cells: 0 3
  1-cells: 0 2
[0]: Number of vertices in meshFS: 	0
[0]: Number of faces in meshFS: 	0
[1]: Number of vertices in meshFS: 	3
[1]: Number of faces in meshFS: 	2
viewing Mesh 'meshFS'
Max sizes cone: 0 support: 0
viewing IFSieve 'mesh sieve'
cap --> base:
Max sizes cone: 2 support: 2
[1]: 5 ----> 0
[1]: 5 ----> 1
[1]: 6 ----> 0
[1]: 9 ----> 1
base <-- cap:
[1]: 0<----5
[1]: 0<----6
[1]: 1<----9
[1]: 1<----5
Orientation:
[1]: 0<----5: 0
[1]: 0<----6: 0
[1]: 1<----9: 0
[1]: 1<----5: 0
viewing LabelSifter: 'Face sets'
cap --> base:
[0]: empty
[1]: 1---->0
[1]: 1---->1
