dmBody: 
Mesh in 2 dimensions:
  0-cells: 9
  2-cells: 8
dmFS: 
Mesh in 1 dimensions:
  0-cells: 3
  1-cells: 2
