sec1 as a SectionReal
viewing GeneralSection 'sec1'
  Fields: 0
[0]:   8 dim 1 offset 0   6
[0]:   9 dim 1 offset 1   3
[0]:   10 dim 1 offset 2   2
[0]:   11 dim 1 offset 3   3
[0]:   12 dim 1 offset 4   1
[0]:   13 dim 1 offset 5   3
[0]:   14 dim 1 offset 6   2
[0]:   15 dim 1 offset 7   3
[0]:   16 dim 1 offset 8   1
sec1 as a SectionReal
viewing GeneralSection 'sec1'
  Fields: 0
[0]:   8 dim 1 offset 0   0
[0]:   9 dim 1 offset 1   2
[0]:   10 dim 1 offset 2   1
[0]:   11 dim 1 offset 3   0
[0]:   12 dim 1 offset 4   0
[0]:   13 dim 1 offset 5   0
[0]:   14 dim 1 offset 6   0
[0]:   15 dim 1 offset 7   0
[0]:   16 dim 1 offset 8   1
