sec1 as a SectionReal
viewing GeneralSection 'sec1'
  Fields: 0
[0]:   4 dim 1 offset 0   6
[0]:   5 dim 1 offset 1   2
[0]:   6 dim 1 offset 2   3
[0]:   7 dim 1 offset 3   1
[0]:   8 dim 1 offset 4   3
[0]:   9 dim 1 offset 5   2
[1]:   4 dim 1 offset 0   6
[1]:   5 dim 1 offset 1   3
[1]:   6 dim 1 offset 2   2
[1]:   7 dim 1 offset 3   2
[1]:   8 dim 1 offset 4   3
[1]:   9 dim 1 offset 5   1
sec1 as a SectionReal
viewing GeneralSection 'sec1'
  Fields: 0
[0]:   4 dim 1 offset 0   0
[0]:   5 dim 1 offset 1   1
[0]:   6 dim 1 offset 2   0
[0]:   7 dim 1 offset 3   0
[0]:   8 dim 1 offset 4   0
[0]:   9 dim 1 offset 5   0
[1]:   4 dim 1 offset 0   0
[1]:   5 dim 1 offset 1   2
[1]:   6 dim 1 offset 2   1
[1]:   7 dim 1 offset 3   0
[1]:   8 dim 1 offset 4   0
[1]:   9 dim 1 offset 5   1
