sec1 as a SectionReal 
viewing GeneralSection 'sec1'
  Fields: 0
sec1 as a SectionReal 
viewing GeneralSection 'sec1'
  Fields: 0
