
==================== Matrix on body mesh
Matrix Object: 1 MPI processes
  type: seqaij
row 0: (0, 6)  (1, 2)  (2, 2)  (3, 2)  (5, 2)  (6, 2)  (7, 2) 
row 1: (0, 2)  (1, 3)  (2, 1)  (7, 2)  (8, 1) 
row 2: (0, 2)  (1, 1)  (2, 2)  (3, 1) 
row 3: (0, 2)  (2, 1)  (3, 3)  (4, 1)  (5, 2) 
row 4: (3, 1)  (4, 1)  (5, 1) 
row 5: (0, 2)  (3, 2)  (4, 1)  (5, 3)  (6, 1) 
row 6: (0, 2)  (5, 1)  (6, 2)  (7, 1) 
row 7: (0, 2)  (1, 2)  (6, 1)  (7, 3)  (8, 1) 
row 8: (1, 1)  (7, 1)  (8, 1) 
==================== Matrix on FS mesh
Matrix Object: 1 MPI processes
  type: seqaij
row 0: (0, 0)  (1, 0)  (2, 0)  (3, 0)  (5, 0)  (6, 0)  (7, 0) 
row 1: (0, 0)  (1, 1)  (2, 1)  (7, 0)  (8, 0) 
row 2: (0, 0)  (1, 1)  (2, 1)  (3, 0) 
row 3: (0, 0)  (2, 0)  (3, 0)  (4, 0)  (5, 0) 
row 4: (3, 0)  (4, 0)  (5, 0) 
row 5: (0, 0)  (3, 0)  (4, 0)  (5, 0)  (6, 0) 
row 6: (0, 0)  (5, 0)  (6, 0)  (7, 0) 
row 7: (0, 0)  (1, 0)  (6, 0)  (7, 0)  (8, 0) 
row 8: (1, 0)  (7, 0)  (8, 0) 
==================== Matrix on FS mesh
Matrix Object: 1 MPI processes
  type: seqaij
row 0: (0, 0)  (1, 0)  (2, 0)  (3, 0)  (5, 0)  (6, 0)  (7, 0) 
row 1: (0, 0)  (1, 2)  (2, 1)  (7, 0)  (8, 1) 
row 2: (0, 0)  (1, 1)  (2, 1)  (3, 0) 
row 3: (0, 0)  (2, 0)  (3, 0)  (4, 0)  (5, 0) 
row 4: (3, 0)  (4, 0)  (5, 0) 
row 5: (0, 0)  (3, 0)  (4, 0)  (5, 0)  (6, 0) 
row 6: (0, 0)  (5, 0)  (6, 0)  (7, 0) 
row 7: (0, 0)  (1, 0)  (6, 0)  (7, 0)  (8, 0) 
row 8: (1, 1)  (7, 0)  (8, 1) 
