mat1 on dmBody 
Matrix Object: 1 MPI processes
  type: mpiaij
row 0: (0, 6)  (1, 2)  (2, 2)  (4, 2)  (5, 2)  (6, 2)  (7, 2) 
row 1: (0, 2)  (1, 2)  (2, 1)  (6, 1) 
row 2: (0, 2)  (1, 1)  (2, 3)  (3, 1)  (4, 2) 
row 3: (2, 1)  (3, 1)  (4, 1) 
row 4: (0, 2)  (2, 2)  (3, 1)  (4, 3)  (5, 1) 
row 5: (0, 2)  (4, 1)  (5, 2)  (7, 1) 
row 6: (0, 2)  (1, 1)  (6, 3)  (7, 2)  (8, 1) 
row 7: (0, 2)  (5, 1)  (6, 2)  (7, 3)  (8, 1) 
row 8: (6, 1)  (7, 1)  (8, 1) 
mat1 on dmBody 
Matrix Object: 1 MPI processes
  type: mpiaij
row 0: (0, 2)  (1, 0)  (2, 0)  (4, 0)  (5, 0)  (6, 0)  (7, 0) 
row 1: (0, 0)  (1, 0)  (2, 0)  (6, 0) 
row 2: (0, 0)  (1, 0)  (2, 0)  (3, 0)  (4, 0) 
row 3: (2, 0)  (3, 0)  (4, 0) 
row 4: (0, 0)  (2, 0)  (3, 0)  (4, 0)  (5, 0) 
row 5: (0, 0)  (4, 0)  (5, 0)  (7, 0) 
row 6: (0, 0)  (1, 0)  (6, 0)  (7, 0)  (8, 0) 
row 7: (0, 0)  (5, 0)  (6, 0)  (7, 0)  (8, 0) 
row 8: (6, 0)  (7, 0)  (8, 0) 
