Creating new NumberingFactory
cell 0 num boundary vertices 8
Creating new real section: coordinates
Adding coordinates for vertex 1
Adding coordinates for vertex 2
Adding coordinates for vertex 3
Adding coordinates for vertex 4
Adding coordinates for vertex 5
Adding coordinates for vertex 6
Adding coordinates for vertex 7
Adding coordinates for vertex 8
Creating new int section: CellParentBlock
Creating new int section: CellBlock_0000
Creating new int section: VertexParentSet
viewing Mesh 'Mesh'
Max sizes cone: 6 support: 3
viewing IFSieve 'mesh sieve'
cap --> base:
[0]: 1 ----> 9
[0]: 1 ----> 12
[0]: 1 ----> 20
[0]: 2 ----> 10
[0]: 2 ----> 19
[0]: 2 ----> 9
[0]: 3 ----> 11
[0]: 3 ----> 22
[0]: 3 ----> 10
[0]: 4 ----> 12
[0]: 4 ----> 24
[0]: 4 ----> 11
[0]: 5 ----> 14
[0]: 5 ----> 20
[0]: 5 ----> 17
[0]: 6 ----> 15
[0]: 6 ----> 14
[0]: 6 ----> 19
[0]: 7 ----> 16
[0]: 7 ----> 15
[0]: 7 ----> 22
[0]: 8 ----> 17
[0]: 8 ----> 16
[0]: 8 ----> 24
[0]: 9 ----> 13
[0]: 9 ----> 21
[0]: 10 ----> 23
[0]: 10 ----> 13
[0]: 11 ----> 25
[0]: 11 ----> 13
[0]: 12 ----> 26
[0]: 12 ----> 13
[0]: 13 ----> 0
[0]: 14 ----> 18
[0]: 14 ----> 21
[0]: 15 ----> 18
[0]: 15 ----> 23
[0]: 16 ----> 18
[0]: 16 ----> 25
[0]: 17 ----> 26
[0]: 17 ----> 18
[0]: 18 ----> 0
[0]: 19 ----> 21
[0]: 19 ----> 23
[0]: 20 ----> 26
[0]: 20 ----> 21
[0]: 21 ----> 0
[0]: 22 ----> 23
[0]: 22 ----> 25
[0]: 23 ----> 0
[0]: 24 ----> 25
[0]: 24 ----> 26
[0]: 25 ----> 0
[0]: 26 ----> 0
base <-- cap:
[0]: 0<----13
[0]: 0<----18
[0]: 0<----21
[0]: 0<----23
[0]: 0<----25
[0]: 0<----26
[0]: 9<----1
[0]: 9<----2
[0]: 10<----2
[0]: 10<----3
[0]: 11<----3
[0]: 11<----4
[0]: 12<----4
[0]: 12<----1
[0]: 13<----9
[0]: 13<----10
[0]: 13<----11
[0]: 13<----12
[0]: 14<----5
[0]: 14<----6
[0]: 15<----6
[0]: 15<----7
[0]: 16<----7
[0]: 16<----8
[0]: 17<----8
[0]: 17<----5
[0]: 18<----14
[0]: 18<----15
[0]: 18<----16
[0]: 18<----17
[0]: 19<----2
[0]: 19<----6
[0]: 20<----5
[0]: 20<----1
[0]: 21<----9
[0]: 21<----19
[0]: 21<----14
[0]: 21<----20
[0]: 22<----3
[0]: 22<----7
[0]: 23<----10
[0]: 23<----22
[0]: 23<----15
[0]: 23<----19
[0]: 24<----4
[0]: 24<----8
[0]: 25<----11
[0]: 25<----24
[0]: 25<----16
[0]: 25<----22
[0]: 26<----12
[0]: 26<----20
[0]: 26<----17
[0]: 26<----24
Orientation:
[0]: 0<----13: 1
[0]: 0<----18: 1
[0]: 0<----21: 1
[0]: 0<----23: 1
[0]: 0<----25: 1
[0]: 0<----26: 1
[0]: 9<----1: 0
[0]: 9<----2: 0
[0]: 10<----2: 0
[0]: 10<----3: 0
[0]: 11<----3: 0
[0]: 11<----4: 0
[0]: 12<----4: 0
[0]: 12<----1: 0
[0]: 13<----9: 1
[0]: 13<----10: 1
[0]: 13<----11: 1
[0]: 13<----12: 1
[0]: 14<----5: 0
[0]: 14<----6: 0
[0]: 15<----6: 0
[0]: 15<----7: 0
[0]: 16<----7: 0
[0]: 16<----8: 0
[0]: 17<----8: 0
[0]: 17<----5: 0
[0]: 18<----14: 1
[0]: 18<----15: 1
[0]: 18<----16: 1
[0]: 18<----17: 1
[0]: 19<----2: 0
[0]: 19<----6: 0
[0]: 20<----5: 0
[0]: 20<----1: 0
[0]: 21<----9: 1
[0]: 21<----19: 1
[0]: 21<----14: -2
[0]: 21<----20: 1
[0]: 22<----3: 0
[0]: 22<----7: 0
[0]: 23<----10: 1
[0]: 23<----22: 1
[0]: 23<----15: -2
[0]: 23<----19: -2
[0]: 24<----4: 0
[0]: 24<----8: 0
[0]: 25<----11: 1
[0]: 25<----24: 1
[0]: 25<----16: -2
[0]: 25<----22: -2
[0]: 26<----12: 1
[0]: 26<----20: -2
[0]: 26<----17: -2
[0]: 26<----24: -2
viewing GeneralSection 'coordinates'
  Fields: 0
[0]:   1 dim 3 offset 0   -0.5 -0.5 0.5
[0]:   2 dim 3 offset 3   -0.5 -0.5 -0.5
[0]:   3 dim 3 offset 6   -0.5 0.5 -0.5
[0]:   4 dim 3 offset 9   -0.5 0.5 0.5
[0]:   5 dim 3 offset 12   0.5 -0.5 0.5
[0]:   6 dim 3 offset 15   0.5 -0.5 -0.5
[0]:   7 dim 3 offset 18   0.5 0.5 -0.5
[0]:   8 dim 3 offset 21   0.5 0.5 0.5
viewing GeneralSection 'CellBlock_0000'
  Fields: 0
[0]:   0 dim 1 offset 0   0
viewing GeneralSection 'CellParentBlock'
  Fields: 0
[0]:   0 dim 1 offset 0   0
viewing GeneralSection 'VertexParentSet'
  Fields: 0
Mesh in 3 dimensions:
  8 0-cells
  12 1-cells
  6 2-cells
  1 3-cells
