
 CG: 
Number of iterations =   9

 MINRES: 
Number of iterations =   9

 SYMMLQ: 
Number of iterations =   9
