Matrix Object:
  type: mpibaij
  rows=122880, cols=122880
  total: nonzeros=4134400, allocated nonzeros=4134400
  total number of mallocs used during MatSetValues calls =0
      block size is 5
Matrix Object:
  type: mpibaij
  rows=122880, cols=122880
  total: nonzeros=4134400, allocated nonzeros=4134400
  total number of mallocs used during MatSetValues calls =0
      block size is 5
Matrices are equal
