Original matrix
Matrix Object: 1 MPI processes
  type: seqaij
 0.00000e+00  0.00000e+00  0.00000e+00  1.00000e+00  0.00000e+00  0.00000e+00  0.00000e+00 
 0.00000e+00  0.00000e+00  2.00000e+00  0.00000e+00  0.00000e+00  0.00000e+00  0.00000e+00 
 0.00000e+00  3.00000e+00  0.00000e+00  0.00000e+00  0.00000e+00  4.00000e+00  0.00000e+00 
 5.00000e+00  0.00000e+00  0.00000e+00  0.00000e+00  0.00000e+00  0.00000e+00  6.00000e+00 
 0.00000e+00  7.00000e+00  0.00000e+00  0.00000e+00  8.00000e+00  0.00000e+00  0.00000e+00 
Permuted matrix
Matrix Object: 1 MPI processes
  type: seqaij
 0.00000e+00  0.00000e+00  0.00000e+00  7.00000e+00  0.00000e+00  0.00000e+00  8.00000e+00 
 4.00000e+00  0.00000e+00  0.00000e+00  3.00000e+00  0.00000e+00  0.00000e+00  0.00000e+00 
 0.00000e+00  0.00000e+00  0.00000e+00  0.00000e+00  2.00000e+00  0.00000e+00  0.00000e+00 
 0.00000e+00  0.00000e+00  6.00000e+00  0.00000e+00  0.00000e+00  5.00000e+00  0.00000e+00 
 0.00000e+00  1.00000e+00  0.00000e+00  0.00000e+00  0.00000e+00  0.00000e+00  0.00000e+00 
Row permutation
Index set is permutation
Number of indices in set 5
0 4
1 2
2 1
3 3
4 0
Column permutation
Index set is permutation
Number of indices in set 7
0 5
1 3
2 6
3 1
4 2
5 0
6 4
