Original matrix
Matrix Object: 1 MPI processes
  type: mpiaij
 0.00000e+00  0.00000e+00  0.00000e+00  1.00000e+00  0.00000e+00  0.00000e+00  0.00000e+00 
 0.00000e+00  0.00000e+00  2.00000e+00  0.00000e+00  0.00000e+00  0.00000e+00  0.00000e+00 
 0.00000e+00  3.00000e+00  0.00000e+00  0.00000e+00  0.00000e+00  4.00000e+00  0.00000e+00 
 5.00000e+00  0.00000e+00  0.00000e+00  0.00000e+00  0.00000e+00  0.00000e+00  6.00000e+00 
 0.00000e+00  7.00000e+00  0.00000e+00  0.00000e+00  8.00000e+00  0.00000e+00  0.00000e+00 
Permuted matrix
Matrix Object: 1 MPI processes
  type: mpiaij
 0.00000e+00  0.00000e+00  0.00000e+00  1.00000e+00  0.00000e+00  0.00000e+00  0.00000e+00 
 0.00000e+00  0.00000e+00  2.00000e+00  0.00000e+00  0.00000e+00  0.00000e+00  0.00000e+00 
 0.00000e+00  3.00000e+00  0.00000e+00  0.00000e+00  0.00000e+00  4.00000e+00  0.00000e+00 
 5.00000e+00  0.00000e+00  0.00000e+00  0.00000e+00  0.00000e+00  0.00000e+00  6.00000e+00 
 0.00000e+00  7.00000e+00  0.00000e+00  0.00000e+00  8.00000e+00  0.00000e+00  0.00000e+00 
Row permutation
[0] Index set is permutation
[0] Number of indices in set 2
[0] 0 4
[0] 1 2
[1] Index set is permutation
[1] Number of indices in set 2
[1] 0 1
[1] 1 3
[2] Index set is permutation
[2] Number of indices in set 1
[2] 0 0
Column permutation
Index set is permutation
Number of indices in set 7
0 5
1 3
2 6
3 1
4 2
5 0
6 4
