Matrix Object: 1 MPI processes
  type: seqaij
row 0: (0, -1) 
Matrix Object: 1 MPI processes
  type: seqaij
row 0: (0, -1) 
